objectKind: null
eventType: null
user:
    id: 352
    name: 'Marcin Morawski'
    username: mmorawski
    avatarUrl: 'https://secure.gravatar.com/avatar/67b4451cda023fd45efb35cc55240d92?s=80&d=identicon'
    email: marcin.morawski@example.com
project:
    id: 1903
    name: gitlab_bot_test
    description: 'Gitlab bot test'
    webUrl: 'https://gitlab.example.com/mmorawski/gitlab_bot_test'
    avatarUrl: null
    gitSshUrl: 'git@gitlab.example.com:mmorawski/gitlab_bot_test.git'
    gitHttpUrl: 'https://gitlab.example.com/mmorawski/gitlab_bot_test.git'
    namespace: 'Marcin Morawski'
    visibilityLevel: 0
    pathWithNamespace: mmorawski/gitlab_bot_test
    defaultBranch: main
    ciConfigPath: ''
    homepage: 'https://gitlab.example.com/mmorawski/gitlab_bot_test'
    url: 'git@gitlab.example.com:mmorawski/gitlab_bot_test.git'
    sshUrl: 'git@gitlab.example.com:mmorawski/gitlab_bot_test.git'
    httpUrl: 'https://gitlab.example.com/mmorawski/gitlab_bot_test.git'
objectAttributes:
    assigneeId: null
    authorId: 352
    createdAt: '2021-10-21 11:40:00 UTC'
    description: ''
    headPipelineId: null
    id: 16940
    iid: 1
    lastEditedAt: null
    lastEditedById: null
    mergeCommitSha: null
    mergeError: null
    mergeParams: { forceRemoveSourceBranch: null }
    mergeStatus: preparing
    mergeUserId: null
    mergeWhenPipelineSucceeds: null
    milestoneId: null
    sourceBranch: test
    sourceProjectId: 1903
    stateId: 1
    targetBranch: main
    targetProjectId: 1903
    timeEstimate: 0
    title: reactphp
    updatedAt: '2021-10-21 11:40:00 UTC'
    updatedById: null
    url: 'https://gitlab.example.com/mmorawski/gitlab_bot_test/-/merge_requests/1'
    source: { id: 1903, name: gitlab_bot_test, description: 'Gitlab bot test', webUrl: 'https://gitlab.example.com/mmorawski/gitlab_bot_test', avatarUrl: null, gitSshUrl: 'git@gitlab.example.com:mmorawski/gitlab_bot_test.git', gitHttpUrl: 'https://gitlab.example.com/mmorawski/gitlab_bot_test.git', namespace: 'Marcin Morawski', visibilityLevel: 0, pathWithNamespace: mmorawski/gitlab_bot_test, defaultBranch: main, ciConfigPath: '', homepage: 'https://gitlab.example.com/mmorawski/gitlab_bot_test', url: 'git@gitlab.example.com:mmorawski/gitlab_bot_test.git', sshUrl: 'git@gitlab.example.com:mmorawski/gitlab_bot_test.git', httpUrl: 'https://gitlab.example.com/mmorawski/gitlab_bot_test.git' }
    target: { id: 1903, name: gitlab_bot_test, description: 'Gitlab bot test', webUrl: 'https://gitlab.example.com/mmorawski/gitlab_bot_test', avatarUrl: null, gitSshUrl: 'git@gitlab.example.com:mmorawski/gitlab_bot_test.git', gitHttpUrl: 'https://gitlab.example.com/mmorawski/gitlab_bot_test.git', namespace: 'Marcin Morawski', visibilityLevel: 0, pathWithNamespace: mmorawski/gitlab_bot_test, defaultBranch: main, ciConfigPath: '', homepage: 'https://gitlab.example.com/mmorawski/gitlab_bot_test', url: 'git@gitlab.example.com:mmorawski/gitlab_bot_test.git', sshUrl: 'git@gitlab.example.com:mmorawski/gitlab_bot_test.git', httpUrl: 'https://gitlab.example.com/mmorawski/gitlab_bot_test.git' }
    lastCommit: { id: 71864ad35753f7a64f35e4ebf58c1b35125e0178, message: "reactphp\n", title: reactphp, timestamp: '2021-10-21T13:39:57+02:00', url: 'https://gitlab.example.com/mmorawski/gitlab_bot_test/-/commit/71864ad35753f7a64f35e4ebf58c1b35125e0178', author: { name: 'Marcin Morawski', email: marcin@morawskim.pl } }
    workInProgress: false
    totalTimeSpent: 0
    timeChange: 0
    humanTotalTimeSpent: null
    humanTimeChange: null
    humanTimeEstimate: null
    assigneeIds: {  }
    state: opened
    action: open
labels: {  }
changes:
    mergeStatus: { previous: unchecked, current: preparing }
repository:
    name: gitlab_bot_test
    url: 'git@gitlab.example.com:mmorawski/gitlab_bot_test.git'
    description: 'Gitlab bot test'
    homepage: 'https://gitlab.example.com/mmorawski/gitlab_bot_test'
