snippet:
    id: 26
    title: test
    content: |-
        foo bar
        bar baz
    authorId: 352
    projectId: 1903
    createdAt: '2021-10-27 16:54:51 UTC'
    updatedAt: '2021-10-27 16:55:07 UTC'
    fileName: test.txt
    type: ProjectSnippet
    visibilityLevel: 0
    description: ''
    encryptedSecretToken: null
    encryptedSecretTokenIv: null
    secret: false
    repositoryReadOnly: false
    secretToken: null
objectAttributes:
    attachment: null
    authorId: 352
    changePosition: null
    commitId: null
    createdAt: '2021-10-27 16:55:07 UTC'
    discussionId: d36ad5f062c166a1b44de34da320f0002a779055
    id: 74194
    lineCode: null
    note: comment
    noteableId: 26
    noteableType: Snippet
    originalPosition: null
    position: null
    projectId: 1903
    resolvedAt: null
    resolvedById: null
    resolvedByPush: null
    stDiff: null
    system: false
    type: null
    updatedAt: '2021-10-27 16:55:07 UTC'
    updatedById: null
    description: comment
    url: 'https://gitlab.example.com/mmorawski/gitlab_bot_test/-/snippets/26#note_74194'
objectKind: note
eventType: note
user:
    id: 352
    name: 'Marcin Morawski'
    username: mmorawski
    avatarUrl: 'https://secure.gravatar.com/avatar/67b4451cda023fd45efb35cc55240d92?s=80&d=identicon'
    email: marcin.morawski@example.com
projectId: 1903
project:
    id: 1903
    name: gitlab_bot_test
    description: 'Gitlab bot test'
    webUrl: 'https://gitlab.example.com/mmorawski/gitlab_bot_test'
    avatarUrl: null
    gitSshUrl: 'git@gitlab.example.com:mmorawski/gitlab_bot_test.git'
    gitHttpUrl: 'https://gitlab.example.com/mmorawski/gitlab_bot_test.git'
    namespace: 'Marcin Morawski'
    visibilityLevel: 0
    pathWithNamespace: mmorawski/gitlab_bot_test
    defaultBranch: main
    ciConfigPath: ''
    homepage: 'https://gitlab.example.com/mmorawski/gitlab_bot_test'
    url: 'git@gitlab.example.com:mmorawski/gitlab_bot_test.git'
    sshUrl: 'git@gitlab.example.com:mmorawski/gitlab_bot_test.git'
    httpUrl: 'https://gitlab.example.com/mmorawski/gitlab_bot_test.git'
repository:
    name: gitlab_bot_test
    url: 'git@gitlab.example.com:mmorawski/gitlab_bot_test.git'
    description: 'Gitlab bot test'
    homepage: 'https://gitlab.example.com/mmorawski/gitlab_bot_test'
noteTypeEvent: Snippet
